
ERR:
ERROR: [TestData]/hello.kt: (4, 5) Unresolved reference: a
exec() finished with COMPILATION_ERROR return code

Return code: 1
